  Determining projects to restore...
  All projects are up-to-date for restore.
  TarsEngine.SelfImprovement -> C:\Users\spare\source\repos\tars\TarsEngine.SelfImprovement\bin\Debug\net9.0\TarsEngine.SelfImprovement.dll
  TarsEngine.Interfaces -> C:\Users\spare\source\repos\tars\TarsEngine.Interfaces\bin\Debug\net9.0\TarsEngine.Interfaces.dll
  TarsEngine.DSL -> C:\Users\spare\source\repos\tars\TarsEngine.DSL\bin\Debug\net9.0\TarsEngine.DSL.dll
  TarsEngineFSharp -> C:\Users\spare\source\repos\tars\TarsEngineFSharp\bin\Debug\net9.0\TarsEngineFSharp.dll
  TarsEngine.DSL.Tests -> C:\Users\spare\source\repos\tars\TarsEngine.DSL.Tests\bin\Debug\net9.0\TarsEngine.DSL.Tests.dll
  ChatbotExample1 -> C:\Users\spare\source\repos\tars\Experiments\ChatbotExample1\bin\Debug\net9.0\ChatbotExample1.dll
  TarsEngine -> C:\Users\spare\source\repos\tars\TarsEngine\bin\Debug\net9.0\TarsEngine.dll
  TarsApp -> C:\Users\spare\source\repos\tars\TarsApp\bin\Debug\net9.0\TarsApp.dll
  TarsEngine.Tests -> C:\Users\spare\source\repos\tars\TarsEngine.Tests\bin\Debug\net9.0\TarsEngine.Tests.dll
  TarsCli -> C:\Users\spare\source\repos\tars\TarsCli\bin\Debug\net9.0\tarscli.dll

Build succeeded.
    0 Warning(s)
    0 Error(s)

Time Elapsed 00:00:00.89
