  Determining projects to restore...
  All projects are up-to-date for restore.
  Tars.Core -> C:\Users\spare\source\repos\tars\v2\src\Tars.Core\bin\Debug\net10.0\Tars.Core.dll
  Tars.Sandbox -> C:\Users\spare\source\repos\tars\v2\src\Tars.Sandbox\bin\Debug\net10.0\Tars.Sandbox.dll
  Tars.Security -> C:\Users\spare\source\repos\tars\v2\src\Tars.Security\bin\Debug\net10.0\Tars.Security.dll
  Tars.Llm -> C:\Users\spare\source\repos\tars\v2\src\Tars.Llm\bin\Debug\net10.0\Tars.Llm.dll
  Tars.Connectors -> C:\Users\spare\source\repos\tars\v2\src\Tars.Connectors\bin\Debug\net10.0\Tars.Connectors.dll
  Tars.Kernel -> C:\Users\spare\source\repos\tars\v2\src\Tars.Kernel\bin\Debug\net10.0\Tars.Kernel.dll
  Tars.Graph -> C:\Users\spare\source\repos\tars\v2\src\Tars.Graph\bin\Debug\net10.0\Tars.Graph.dll
  Tars.Cortex -> C:\Users\spare\source\repos\tars\v2\src\Tars.Cortex\bin\Debug\net10.0\Tars.Cortex.dll
C:\Users\spare\source\repos\tars\v2\src\Tars.Evolution\Engine.fs(198,25): error FS0588: The block following this 'let' is unfinished. Every code block is an expression and must have a result. 'let' cannot be the final code element in a block. Consider giving this block an explicit result. [C:\Users\spare\source\repos\tars\v2\src\Tars.Evolution\Tars.Evolution.fsproj]
C:\Users\spare\source\repos\tars\v2\src\Tars.Evolution\Engine.fs(244,43): error FS0010: Incomplete structured construct at or before this point in expression. Expected 'finally', 'with' or other token. [C:\Users\spare\source\repos\tars\v2\src\Tars.Evolution\Tars.Evolution.fsproj]
C:\Users\spare\source\repos\tars\v2\src\Tars.Evolution\Engine.fs(250,25): error FS0010: Unexpected keyword 'let' or 'use' in binding. Expected incomplete structured construct at or before this point or other token. [C:\Users\spare\source\repos\tars\v2\src\Tars.Evolution\Tars.Evolution.fsproj]
C:\Users\spare\source\repos\tars\v2\src\Tars.Evolution\Engine.fs(248,21): error FS3118: Incomplete value or function definition. If this is in an expression, the body of the expression must be indented to the same column as the 'let' keyword. [C:\Users\spare\source\repos\tars\v2\src\Tars.Evolution\Tars.Evolution.fsproj]
C:\Users\spare\source\repos\tars\v2\src\Tars.Evolution\Engine.fs(253,25): error FS0058: Unexpected syntax or possible incorrect indentation: this token is offside of context started at position (250:25). Try indenting this further.To continue using non-conforming indentation, pass the '--strict-indentation-' flag to the compiler, or set the language version to F# 7. [C:\Users\spare\source\repos\tars\v2\src\Tars.Evolution\Tars.Evolution.fsproj]
C:\Users\spare\source\repos\tars\v2\src\Tars.Evolution\Engine.fs(253,25): error FS0010: Unexpected keyword 'if' in expression. Expected 'in' or other token. [C:\Users\spare\source\repos\tars\v2\src\Tars.Evolution\Tars.Evolution.fsproj]
C:\Users\spare\source\repos\tars\v2\src\Tars.Evolution\Engine.fs(248,21): error FS0587: Error in the return expression for this 'let'. Possible incorrect indentation. [C:\Users\spare\source\repos\tars\v2\src\Tars.Evolution\Tars.Evolution.fsproj]
C:\Users\spare\source\repos\tars\v2\src\Tars.Evolution\Engine.fs(262,25): error FS0010: Unexpected keyword 'else' in expression. Expected incomplete structured construct at or before this point or other token. [C:\Users\spare\source\repos\tars\v2\src\Tars.Evolution\Tars.Evolution.fsproj]
C:\Users\spare\source\repos\tars\v2\src\Tars.Evolution\Engine.fs(273,47): error FS0010: Unexpected symbol ']' in binding. Expected incomplete structured construct at or before this point or other token. [C:\Users\spare\source\repos\tars\v2\src\Tars.Evolution\Tars.Evolution.fsproj]

Build FAILED.

C:\Users\spare\source\repos\tars\v2\src\Tars.Evolution\Engine.fs(198,25): error FS0588: The block following this 'let' is unfinished. Every code block is an expression and must have a result. 'let' cannot be the final code element in a block. Consider giving this block an explicit result. [C:\Users\spare\source\repos\tars\v2\src\Tars.Evolution\Tars.Evolution.fsproj]
C:\Users\spare\source\repos\tars\v2\src\Tars.Evolution\Engine.fs(244,43): error FS0010: Incomplete structured construct at or before this point in expression. Expected 'finally', 'with' or other token. [C:\Users\spare\source\repos\tars\v2\src\Tars.Evolution\Tars.Evolution.fsproj]
C:\Users\spare\source\repos\tars\v2\src\Tars.Evolution\Engine.fs(250,25): error FS0010: Unexpected keyword 'let' or 'use' in binding. Expected incomplete structured construct at or before this point or other token. [C:\Users\spare\source\repos\tars\v2\src\Tars.Evolution\Tars.Evolution.fsproj]
C:\Users\spare\source\repos\tars\v2\src\Tars.Evolution\Engine.fs(248,21): error FS3118: Incomplete value or function definition. If this is in an expression, the body of the expression must be indented to the same column as the 'let' keyword. [C:\Users\spare\source\repos\tars\v2\src\Tars.Evolution\Tars.Evolution.fsproj]
C:\Users\spare\source\repos\tars\v2\src\Tars.Evolution\Engine.fs(253,25): error FS0058: Unexpected syntax or possible incorrect indentation: this token is offside of context started at position (250:25). Try indenting this further.To continue using non-conforming indentation, pass the '--strict-indentation-' flag to the compiler, or set the language version to F# 7. [C:\Users\spare\source\repos\tars\v2\src\Tars.Evolution\Tars.Evolution.fsproj]
C:\Users\spare\source\repos\tars\v2\src\Tars.Evolution\Engine.fs(253,25): error FS0010: Unexpected keyword 'if' in expression. Expected 'in' or other token. [C:\Users\spare\source\repos\tars\v2\src\Tars.Evolution\Tars.Evolution.fsproj]
C:\Users\spare\source\repos\tars\v2\src\Tars.Evolution\Engine.fs(248,21): error FS0587: Error in the return expression for this 'let'. Possible incorrect indentation. [C:\Users\spare\source\repos\tars\v2\src\Tars.Evolution\Tars.Evolution.fsproj]
C:\Users\spare\source\repos\tars\v2\src\Tars.Evolution\Engine.fs(262,25): error FS0010: Unexpected keyword 'else' in expression. Expected incomplete structured construct at or before this point or other token. [C:\Users\spare\source\repos\tars\v2\src\Tars.Evolution\Tars.Evolution.fsproj]
C:\Users\spare\source\repos\tars\v2\src\Tars.Evolution\Engine.fs(273,47): error FS0010: Unexpected symbol ']' in binding. Expected incomplete structured construct at or before this point or other token. [C:\Users\spare\source\repos\tars\v2\src\Tars.Evolution\Tars.Evolution.fsproj]
    0 Warning(s)
    9 Error(s)

Time Elapsed 00:00:01.82
